:PROPERTIES:
:ID:       775e81a9-36e2-41b9-8f61-0da557f12468
:END:
#+title: commands related to partitioning
#+date: [2024-09-17 Tue 09:03]
#+startup: overview

* lsblk - list block devices
#+begin_example
NAME                    MAJ:MIN RM   SIZE RO TYPE  MOUNTPOINTS
nvme0n1                 259:0    0 476.9G  0 disk
├─nvme0n1p1             259:1    0   500M  0 part
├─nvme0n1p2             259:2    0   500M  0 part  /boot
├─nvme0n1p3             259:3    0   420G  0 part
│ └─volgroup0           254:0    0   420G  0 crypt
│   ├─volgroup0-lv_root 254:1    0    50G  0 lvm   /
│   └─volgroup0-lv_home 254:2    0   370G  0 lvm   /home
└─nvme0n1p4             259:4    0    56G  0 part  /mnt/backups
#+end_example
* fdisk - manipulate disk partition table
#+begin_example
Disk /dev/nvme0n1: 476.94 GiB, 512110190592 bytes, 1000215216 sectors
Disk model: SAMSUNG MZAL4512HBLU-00BL2
Units: sectors of 1 * 512 = 512 bytes
Sector size (logical/physical): 512 bytes / 512 bytes
I/O size (minimum/optimal): 512 bytes / 512 bytes
Disklabel type: gpt

Device             Start        End   Sectors  Size Type
/dev/nvme0n1p1      2048    1026047   1024000  500M EFI System
/dev/nvme0n1p2   1026048    2050047   1024000  500M Linux filesystem
/dev/nvme0n1p3   2050048  882853887 880803840  420G Linux LVM
/dev/nvme0n1p4 882853888 1000214527 117360640   56G Linux filesystem


Disk /dev/mapper/volgroup0: 419.98 GiB, 450954788864 bytes, 880771072 sectors
Units: sectors of 1 * 512 = 512 bytes
Sector size (logical/physical): 512 bytes / 512 bytes
I/O size (minimum/optimal): 512 bytes / 512 bytes


Disk /dev/mapper/volgroup0-lv_root: 50 GiB, 53687091200 bytes, 104857600 sectors
Units: sectors of 1 * 512 = 512 bytes
Sector size (logical/physical): 512 bytes / 512 bytes
I/O size (minimum/optimal): 512 bytes / 512 bytes


Disk /dev/mapper/volgroup0-lv_home: 369.98 GiB, 397263503360 bytes, 775905280 sectors
Units: sectors of 1 * 512 = 512 bytes
Sector size (logical/physical): 512 bytes / 512 bytes
I/O size (minimum/optimal): 512 bytes / 512 bytes
#+end_example
* parted
